Copyright 1986-2018 Xilinx, Inc. All Rights Reserved.
-----------------------------------------------------------------------------------------
| Tool Version : Vivado v.2018.3 (win64) Build 2405991 Thu Dec  6 23:38:27 MST 2018
| Date         : Mon Sep 26 22:22:06 2022
| Host         : DESKTOP-IG2A35I running 64-bit major release  (build 9200)
| Command      : report_control_sets -verbose -file i2s_playback_control_sets_placed.rpt
| Design       : i2s_playback
| Device       : xc7a100t
-----------------------------------------------------------------------------------------

Control Set Information

Table of Contents
-----------------
1. Summary
2. Histogram
3. Flip-Flop Distribution
4. Detailed Control Set Information

1. Summary
----------

+----------------------------------------------------------+-------+
|                          Status                          | Count |
+----------------------------------------------------------+-------+
| Number of unique control sets                            |    38 |
| Unused register locations in slices containing registers |    70 |
+----------------------------------------------------------+-------+


2. Histogram
------------

+--------+--------------+
| Fanout | Control Sets |
+--------+--------------+
|      1 |            1 |
|      4 |            2 |
|      7 |            2 |
|      8 |            2 |
|     14 |            1 |
|    16+ |           30 |
+--------+--------------+


3. Flip-Flop Distribution
-------------------------

+--------------+-----------------------+------------------------+-----------------+--------------+
| Clock Enable | Synchronous Set/Reset | Asynchronous Set/Reset | Total Registers | Total Slices |
+--------------+-----------------------+------------------------+-----------------+--------------+
| No           | No                    | No                     |              14 |            6 |
| No           | No                    | Yes                    |              98 |           38 |
| No           | Yes                   | No                     |              83 |           29 |
| Yes          | No                    | No                     |             438 |          423 |
| Yes          | No                    | Yes                    |           32943 |         6386 |
| Yes          | Yes                   | No                     |             698 |          191 |
+--------------+-----------------------+------------------------+-----------------+--------------+


4. Detailed Control Set Information
-----------------------------------

+-------------------------------+---------------------------------------------------------------------------------------------------+---------------------------------------------------------------------------------------------------+------------------+----------------+
|          Clock Signal         |                                           Enable Signal                                           |                                          Set/Reset Signal                                         | Slice Load Count | Bel Load Count |
+-------------------------------+---------------------------------------------------------------------------------------------------+---------------------------------------------------------------------------------------------------+------------------+----------------+
|  unit_clk_wiz_1/inst/clk_out1 | unit_i2s_transceiver/r_l_out[31]_i_1_n_0                                                          | unit_digital_efects/Unit_EfectCHORUS/Unit_sine_wave_chorus/N_RESET                                |                1 |              1 |
|  unit_clk_wiz_1/inst/clk_out1 | unit_digital_efects/Unit_EfectBANKFILTER/Unit_FIR_Filter_bankfilter_L/U1/cuenta_reg[3]_i_2_n_0    | unit_digital_efects/Unit_EfectBANKFILTER/Unit_FIR_Filter_bankfilter_L/U1/cuenta_reg[3]_i_1_n_0    |                1 |              4 |
|  unit_clk_wiz_1/inst/clk_out1 | unit_digital_efects/Unit_EfectBANKFILTER/Unit_FIR_Filter_bankfilter_R/U1/cuenta_reg[3]_i_2__0_n_0 | unit_digital_efects/Unit_EfectBANKFILTER/Unit_FIR_Filter_bankfilter_R/U1/cuenta_reg[3]_i_1__0_n_0 |                1 |              4 |
|  unit_clk_wiz_1/inst/clk_out1 | unit_digital_efects/Unit_EfectVIBRATO/Unit_sine_wave/table_index                                  | unit_digital_efects/Unit_EfectCHORUS/Unit_sine_wave_chorus/N_RESET                                |                3 |              7 |
|  unit_clk_wiz_1/inst/clk_out1 | unit_digital_efects/Unit_EfectCHORUS/Unit_sine_wave_chorus/table_index                            | unit_digital_efects/Unit_EfectCHORUS/Unit_sine_wave_chorus/N_RESET                                |                3 |              7 |
|  unit_clk_wiz_1/inst/clk_out1 | unit_i2s_transceiver/E[0]                                                                         |                                                                                                   |                5 |              8 |
|  unit_clk_wiz_1/inst/clk_out1 | unit_i2s_transceiver/FSM_sequential_r_i2s_state_reg[0]_1[0]                                       |                                                                                                   |                5 |              8 |
|  unit_clk_wiz_1/inst/clk_out1 |                                                                                                   |                                                                                                   |                6 |             14 |
|  unit_clk_wiz_1/inst/clk_out1 | unit_digital_efects/Unit_EfectOVERDRIVE/l_data_out_aux                                            | unit_digital_efects/Unit_EfectCHORUS/Unit_sine_wave_chorus/N_RESET                                |                5 |             16 |
|  unit_clk_wiz_1/inst/clk_out1 | unit_digital_efects/Unit_EfectOVERDRIVE/r_data_out_aux                                            | unit_digital_efects/Unit_EfectCHORUS/Unit_sine_wave_chorus/N_RESET                                |                8 |             16 |
|  unit_clk_wiz_1/inst/clk_out1 | unit_digital_efects/Unit_EfectCOMPRESSOR/l_data_out_aux                                           | unit_digital_efects/Unit_EfectCHORUS/Unit_sine_wave_chorus/N_RESET                                |                5 |             16 |
|  unit_clk_wiz_1/inst/clk_out1 | unit_digital_efects/Unit_EfectCOMPRESSOR/r_data_out_aux                                           | unit_digital_efects/Unit_EfectCHORUS/Unit_sine_wave_chorus/N_RESET                                |                6 |             16 |
|  unit_clk_wiz_1/inst/clk_out1 | unit_i2s_transceiver/r_l_out[30]_i_1_n_0                                                          | unit_digital_efects/Unit_EfectCHORUS/Unit_sine_wave_chorus/N_RESET                                |                7 |             16 |
|  unit_clk_wiz_1/inst/clk_out1 | unit_i2s_transceiver/s_r_out[30]                                                                  | unit_digital_efects/Unit_EfectCHORUS/Unit_sine_wave_chorus/N_RESET                                |               10 |             16 |
|  unit_clk_wiz_1/inst/clk_out1 | unit_digital_efects/Unit_EfectLOOPER/addra_next                                                   |                                                                                                   |               10 |             19 |
|  unit_clk_wiz_1/inst/clk_out1 | unit_digital_efects/Unit_EfectLOOPER/addra_max_next                                               | unit_digital_efects/Unit_EfectLOOPER/addra_max_reg[18]_i_1_n_0                                    |                7 |             19 |
|  unit_clk_wiz_1/inst/clk_out1 | unit_i2s_transceiver/s_r_in                                                                       | unit_digital_efects/Unit_EfectCHORUS/Unit_sine_wave_chorus/N_RESET                                |                7 |             31 |
|  unit_clk_wiz_1/inst/clk_out1 | unit_i2s_transceiver/s_l_in                                                                       | unit_digital_efects/Unit_EfectCHORUS/Unit_sine_wave_chorus/N_RESET                                |                7 |             31 |
|  unit_clk_wiz_1/inst/clk_out1 | unit_digital_efects/Unit_EfectBANKFILTER/Unit_FIR_Filter_bankfilter_L/U1/E[0]                     | unit_digital_efects/Unit_EfectCHORUS/Unit_sine_wave_chorus/N_RESET                                |               14 |             32 |
|  unit_clk_wiz_1/inst/clk_out1 | unit_i2s_transceiver/N_RESET_1                                                                    | unit_i2s_transceiver/N_RESET_0                                                                    |                9 |             32 |
|  unit_clk_wiz_1/inst/clk_out1 | unit_i2s_transceiver/N_RESET_2                                                                    | unit_i2s_transceiver/N_RESET                                                                      |               12 |             32 |
|  unit_clk_wiz_1/inst/clk_out1 | unit_i2s_transceiver/enable_in_overdrive                                                          | unit_digital_efects/Unit_EfectCHORUS/Unit_sine_wave_chorus/N_RESET                                |               10 |             32 |
|  unit_clk_wiz_1/inst/clk_out1 | unit_i2s_transceiver/enable_in_compressor                                                         | unit_digital_efects/Unit_EfectCHORUS/Unit_sine_wave_chorus/N_RESET                                |               10 |             32 |
|  unit_clk_wiz_1/inst/clk_out1 | unit_i2s_transceiver/FSM_sequential_r_i2s_state_reg[0]_3[0]                                       | unit_digital_efects/Unit_EfectCHORUS/Unit_sine_wave_chorus/N_RESET                                |               12 |             32 |
|  unit_clk_wiz_1/inst/clk_out1 |                                                                                                   | unit_digital_efects/Unit_EfectCHORUS/Unit_sine_wave_chorus/N_RESET                                |               67 |            181 |
|  unit_clk_wiz_1/inst/clk_out1 | unit_i2s_transceiver/enable_in_vibrato                                                            |                                                                                                   |               60 |            210 |
|  unit_clk_wiz_1/inst/clk_out1 | unit_i2s_transceiver/FSM_sequential_r_i2s_state_reg[0]_2[0]                                       | unit_digital_efects/Unit_EfectCHORUS/Unit_sine_wave_chorus/N_RESET                                |              129 |            512 |
|  unit_clk_wiz_1/inst/clk_out1 | unit_i2s_transceiver/enable_in_reverb                                                             | unit_digital_efects/Unit_EfectCHORUS/Unit_sine_wave_chorus/N_RESET                                |               97 |            593 |
|  unit_clk_wiz_1/inst/clk_out1 | unit_i2s_transceiver/enable_in_chorus                                                             |                                                                                                   |              148 |            596 |
|  unit_clk_wiz_1/inst/clk_out1 | unit_i2s_transceiver/enable_in_config_reverb                                                      | unit_digital_efects/Unit_EfectCHORUS/Unit_sine_wave_chorus/N_RESET                                |              212 |            846 |
|  unit_clk_wiz_1/inst/clk_out1 | unit_i2s_transceiver/enable_in_reverb                                                             |                                                                                                   |              248 |           1054 |
|  unit_clk_wiz_1/inst/clk_out1 | unit_i2s_transceiver/enable_in_config_reverb                                                      |                                                                                                   |              756 |           3213 |
|  unit_clk_wiz_1/inst/clk_out1 | unit_i2s_transceiver/enable_in_delay                                                              |                                                                                                   |              960 |           3780 |
|  unit_clk_wiz_1/inst/clk_out1 | unit_i2s_transceiver/enable_in_delay                                                              | unit_digital_efects/Unit_EfectCHORUS/Unit_sine_wave_chorus/N_RESET                                |              592 |           4061 |
|  unit_clk_wiz_1/inst/clk_out1 | unit_i2s_transceiver/enable_in_eco                                                                | unit_digital_efects/Unit_EfectCHORUS/Unit_sine_wave_chorus/N_RESET                                |              740 |           5093 |
|  unit_clk_wiz_1/inst/clk_out1 | unit_i2s_transceiver/enable_in_vibrato                                                            | unit_digital_efects/Unit_EfectCHORUS/Unit_sine_wave_chorus/N_RESET                                |             2068 |           9491 |
|  unit_clk_wiz_1/inst/clk_out1 | unit_i2s_transceiver/enable_in_eco                                                                |                                                                                                   |             2480 |           9796 |
|  unit_clk_wiz_1/inst/clk_out1 | unit_i2s_transceiver/enable_in_chorus                                                             | unit_digital_efects/Unit_EfectCHORUS/Unit_sine_wave_chorus/N_RESET                                |             2601 |          12653 |
+-------------------------------+---------------------------------------------------------------------------------------------------+---------------------------------------------------------------------------------------------------+------------------+----------------+


